tessellations/multitile/4-7/1+3a/1a2+3af/4-7-1a2+3af-30.tes
tessellations/other/toimine/toimine884/112/toimine884-112-076.tes
tessellations/other/toimine/toimine884/211/051-100/toimine884-211-072.tes
tessellations/pseudo-Archimedean/Euclidean/4-uniform/eu\ 666\ 666\ 3366\ 333333\ AFAS6.tes
tessellations/multitile/6-3/1+3a/6-3-1r2+3af-3.tes
tessellations/other/heavpoot-a/hp-3a+6s3b+6a1.tes
tessellations/multitile/3-6/1+3/3-6-1a+3a-3.tes
tessellations/pseudo-Archimedean/Euclidean/4-uniform/eu 4444 33344 33344 33434 A1AFF.tes
tessellations/pseudo-Archimedean/Euclidean/4-uniform/eu 33344 33434 333333 333333 FAS6S3b.tes
tessellations/pseudo-Archimedean/Euclidean/4-uniform/eu 3cc 334c 33434 333333.tes
tessellations/pseudo-Archimedean/Euclidean/4-uniform/eu 46c 3366 3446 33344.tes
tessellations/multitile/4-6/2+2/2a1+2f/001-100/4-6-2a1+2f-083.tes
tessellations/other/toimine/toimine2311/2+4/toimine2311-2+4-58.tes
tessellations/other/toimine/toimine6612/121/101-150/toimine6612-121-116.tes
tessellations/other/toimine/toimine2311/3+3/toimine2311-3+3-18.tes
tessellations/other/toimine/toimine2311/3+3/toimine2311-3+3-34.tes
tessellations/other/toimine/toimine2311/2+4/toimine2311-2+4-04.tes
tessellations/multitile/3-7/1+2+3/3-7-1f+2r+3f-19.tes
tessellations/other/toimine/toimine2311/2+4/toimine2311-2+4-51.tes
tessellations/multitile/3-8/1+2+3/1f+2f+3f/501-596/3-8-1f+2f+3f-545.tes
tessellations/other/toimine/toimine6620/211/toimine6620-211-54.tes
tessellations/other/toimine/toimine886/111/toimine886-111-08.tes
tessellations/multitile/3-8/1+2+3/1f+2f+3f/501-596/3-8-1f+2f+3f-503.tes
tessellations/other/toimine/toimine6610/121/toimine6610-121-20.tes
tessellations/other/toimine/toimine6612/211/101-150/toimine6612-211-126.tes
tessellations/polyschwartz/245/2-2 + 6-39.tes
tessellations/other/toimine/toimine6615/121/toimine6615-121-02.tes
tessellations/other/toimine/toimine6612/211/101-150/toimine6612-211-131.tes
tessellations/multitile/polyforms/schwarz/245/1-1 + 4-8 s1.tes
tessellations/other/toimine/toimine6617/113/toimine6617-113-16.tes
tessellations/multitile/polyforms/schwarz/245/2-2 + 6-39.tes
tessellations/other/toimine/toimine6618/211/151-159/toimine6618-211-151.tes
tessellations/other/toimine/toimine2311/2+4/toimine2311-2+4-16.tes
tessellations/polyschwartz/237/1-1 + 7-08.tes
tessellations/other/toimine/toimine2311/2+4/toimine2311-2+4-59.tes
tessellations/other/toimine/toimine6618/211/101-150/toimine6618-211-146.tes
tessellations/multitile/3-8/1+2+3/1f+2f+3f/501-596/3-8-1f+2f+3f-568.tes
tessellations/other/toimine/toimine6618/111/toimine6618-111-17.tes
tessellations/other/toimine/toimine6612/211/201-243/toimine6612-211-243.tes
tessellations/other/toimine/toimine2311/2+4/toimine2311-2+4-52.tes
tessellations/other/toimine/toimine885/211/toimine885-211-23.tes
tessellations/other/toimine/toimine2311/3+3/toimine2311-3+3-64.tes
tessellations/other/toimine/toimine885/211/toimine885-211-44.tes
tessellations/other/toimine/toimine2311/3+3/toimine2311-3+3-58.tes
tessellations/other/toimine/toimine6612/112/151-200/toimine6612-112-188.tes
tessellations/multitile/polyforms/schwarz/245/45 + 410/12/45 + 410 + 410 s02.tes
tessellations/other/toimine/toimine2311/2+4/toimine2311-2+4-49.tes
tessellations/multitile/3-8/1+2+3/1f+2f+3f/501-596/3-8-1f+2f+3f-564.tes
tessellations/other/toimine/toimine2311/2+4/toimine2311-2+4-42.tes
tessellations/other/toimine/toimine2311/2+4/toimine2311-2+4-03.tes
tessellations/other/toimine/toimine6610/211/toimine6610-211-13.tes
tessellations/other/toimine/toimine2311/2+4/toimine2311-2+4-36.tes
tessellations/other/toimine/toimine2311/2+4/toimine2311-2+4-22.tes
tessellations/other/toimine/toimine2311/2+4/toimine2311-2+4-57.tes
tessellations/other/toimine/toimine6618/112/toimine6618-112-002.tes
tessellations/other/toimine/toimine2311/3+3/toimine2311-3+3-60.tes
tessellations/other/toimine/toimine2311/2+4/toimine2311-2+4-06.tes
tessellations/other/toimine/toimine2311/3+3/toimine2311-3+3-53.tes
tessellations/other/toimine/toimine2311/2+4/toimine2311-2+4-02.tes
tessellations/multitile/3-8/1+2+3/1f+2a1+3f/3-8-1f+2a1+3f-44.tes
tessellations/other/toimine/toimine2311/3+3/toimine2311-3+3-57.tes
tessellations/other/toimine/toimine885/112/toimine885-112-10.tes
tessellations/other/toimine/toimine6618/211/151-159/toimine6618-211-159.tes
tessellations/other/toimine/toimine6618/211/101-150/toimine6618-211-117.tes
tessellations/other/toimine/toimine6611/112/toimine6611-112-09.tes
tessellations/other/toimine/toimine2311/2+4/toimine2311-2+4-33.tes
tessellations/other/toimine/toimine6618/211/051-100/toimine6618-211-070.tes
tessellations/other/toimine/toimine6610/112/toimine6610-112-28.tes
tessellations/other/toimine/toimine2311/2+4/toimine2311-2+4-25.tes
tessellations/other/toimine/toimine6610/211/toimine6610-211-27.tes
tessellations/multitile/3-8/1+2+3/1f+2f+3f/401-500/3-8-1f+2f+3f-425.tes
tessellations/other/toimine/toimine6617/113/toimine6617-113-13.tes
tessellations/other/toimine/toimine6612/112/051-100/toimine6612-112-082.tes
tessellations/other/toimine/toimine6620/111/toimine6620-111-09.tes
tessellations/other/toimine/toimine668/121/toimine668-121-12.tes
tessellations/other/toimine/toimine2311/3+3/toimine2311-3+3-40.tes
tessellations/multitile/3-8/1+2+3/1f+2f+3f/401-500/3-8-1f+2f+3f-496.tes
tessellations/multitile/3-8/1+2+3/1f+2f+3f/101-200/3-8-1f+2f+3f-101.tes
tessellations/other/toimine/toimine6612/112/151-200/toimine6612-112-164.tes
tessellations/other/toimine/toimine6612/211/051-100/toimine6612-211-080.tes
tessellations/other/toimine/toimine6611/121/toimine6611-121-11.tes
tessellations/other/toimine/toimine2311/2+4/toimine2311-2+4-11.tes
tessellations/other/toimine/toimine6612/211/051-100/toimine6612-211-078.tes
tessellations/other/toimine/toimine2311/2+4/toimine2311-2+4-24.tes
tessellations/other/toimine/toimine2311/3+3/toimine2311-3+3-62.tes
tessellations/other/toimine/toimine6612/121/001-050/toimine6612-121-012.tes
tessellations/multitile/3-8/1+2+3/1f+2f+3f/401-500/3-8-1f+2f+3f-424.tes
tessellations/other/toimine/toimine6617/113/toimine6617-113-12.tes
tessellations/other/toimine/toimine6615/121/toimine6615-121-19.tes
tessellations/other/toimine/toimine6612/121/201-227/toimine6612-121-226.tes
tessellations/other/toimine/toimine2311/2+4/toimine2311-2+4-12.tes
tessellations/other/toimine/toimine6620/211/toimine6620-211-19.tes
tessellations/multitile/3-8/1+2+3/1f+2f+3f/501-596/3-8-1f+2f+3f-563.tes
tessellations/other/toimine/toimine2311/3+3/toimine2311-3+3-03.tes
tessellations/other/toimine/toimine2311/2+4/toimine2311-2+4-31.tes
tessellations/other/toimine/toimine6615/211/toimine6615-211-53.tes
tessellations/other/toimine/toimine2311/4+2/toimine2311-4+2-07.tes
tessellations/other/toimine/toimine6618/211/101-150/toimine6618-211-150.tes
tessellations/other/toimine/toimine2311/3+3/toimine2311-3+3-04.tes
tessellations/other/toimine/toimine2311/2+4/toimine2311-2+4-64.tes
tessellations/multitile/polyforms/schwarz/245/1-1 + 4-8 s2.tes
tessellations/other/toimine/toimine2311/3+3/toimine2311-3+3-54.tes
tessellations/multitile/polyforms/schwarz/237/1-1 + 7-08.tes
tessellations/other/toimine/toimine6620/121/toimine6620-121-29.tes
tessellations/other/toimine/toimine2311/2+4/toimine2311-2+4-09.tes
tessellations/other/toimine/toimine2311/2+4/toimine2311-2+4-45.tes
tessellations/other/toimine/toimine6612/211/101-150/toimine6612-211-122.tes
tessellations/other/toimine/toimine6612/121/151-200/toimine6612-121-172.tes
tessellations/other/toimine/toimine6612/121/201-227/toimine6612-121-211.tes
tessellations/other/toimine/toimine6615/211/toimine6615-211-61.tes
tessellations/other/toimine/toimine6612/112/151-200/toimine6612-112-155.tes
tessellations/other/toimine/toimine6618/211/051-100/toimine6618-211-088.tes
tessellations/other/toimine/toimine6612/211/051-100/toimine6612-211-086.tes
tessellations/other/toimine/toimine6618/111/toimine6618-111-14.tes
tessellations/polyschwartz/245/1-1 + 4-8 s2.tes
tessellations/other/toimine/toimine6612/112/101-150/toimine6612-112-142.tes
tessellations/other/toimine/toimine6612/211/001-050/toimine6612-211-045.tes
tessellations/other/toimine/toimine2311/3+3/toimine2311-3+3-36.tes
tessellations/multitile/4-6/2+2/2a1+2f/001-100/4-6-2a1+2f-033.tes
tessellations/other/toimine/toimine6612/121/151-200/toimine6612-121-177.tes
tessellations/other/toimine/toimine2311/2+4/toimine2311-2+4-20.tes
tessellations/multitile/3-8/1+2+3/1f+2f+3f/401-500/3-8-1f+2f+3f-445.tes
tessellations/other/toimine/toimine6618/121/051-100/toimine6618-121-066.tes
tessellations/other/toimine/toimine6612/111/toimine6612-111-30.tes
tessellations/multitile/4-6/2+2/2f+2f/401-500/4-6-2f+2f-466.tes
tessellations/other/toimine/toimine6617/113/toimine6617-113-14.tes
tessellations/other/toimine/toimine2311/3+3/toimine2311-3+3-12.tes
tessellations/other/toimine/toimine2311/3+3/toimine2311-3+3-09.tes
tessellations/other/toimine/toimine6610/211/toimine6610-211-17.tes
tessellations/other/toimine/toimine2311/3+3/toimine2311-3+3-69.tes
tessellations/other/toimine/toimine2311/2+4/toimine2311-2+4-17.tes
tessellations/other/toimine/toimine6611/121/toimine6611-121-04.tes
tessellations/other/toimine/toimine6610/211/toimine6610-211-23.tes
tessellations/other/toimine/toimine668/211/toimine668-211-08.tes
tessellations/other/toimine/toimine2311/2+4/toimine2311-2+4-40.tes
tessellations/other/toimine/toimine6612/211/201-243/toimine6612-211-233.tes
tessellations/other/toimine/toimine2311/2+4/toimine2311-2+4-35.tes
tessellations/other/toimine/toimine6618/211/051-100/toimine6618-211-058.tes
tessellations/multitile/3-8/1+2+3/1f+2f+3f/301-400/3-8-1f+2f+3f-396.tes
tessellations/other/toimine/toimine6612/112/101-150/toimine6612-112-124.tes
tessellations/other/toimine/toimine668/112/toimine668-112-04.tes
tessellations/other/toimine/toimine2311/2+4/toimine2311-2+4-53.tes
tessellations/other/toimine/toimine2311/3+3/toimine2311-3+3-50.tes
tessellations/other/toimine/toimine2311/2+4/toimine2311-2+4-47.tes
tessellations/other/toimine/toimine2311/2+4/toimine2311-2+4-05.tes
tessellations/other/toimine/toimine668/112/toimine668-112-02.tes
tessellations/other/toimine/toimine6612/112/101-150/toimine6612-112-136.tes
tessellations/polyschwartz/245/1-1 + 5-01.tes
tessellations/other/toimine/toimine6612/112/201-250/toimine6612-112-219.tes
tessellations/other/toimine/toimine2311/2+4/toimine2311-2+4-18.tes
tessellations/multitile/polyforms/schwarz/245/1-1 + 5-01.tes
tessellations/other/toimine/toimine6618/121/101-126/toimine6618-121-114.tes
tessellations/other/toimine/toimine2311/3+3/toimine2311-3+3-51.tes
tessellations/other/toimine/toimine6618/211/051-100/toimine6618-211-060.tes
tessellations/other/toimine/toimine2311/2+4/toimine2311-2+4-21.tes
tessellations/other/toimine/toimine2311/3+3/toimine2311-3+3-37.tes
tessellations/other/toimine/toimine6612/211/201-243/toimine6612-211-232.tes
tessellations/other/toimine/toimine2311/2+4/toimine2311-2+4-08.tes
tessellations/other/toimine/toimine2311/2+4/toimine2311-2+4-15.tes
tessellations/other/toimine/toimine6620/211/toimine6620-211-36.tes
tessellations/other/toimine/toimine2311/3+3/toimine2311-3+3-45.tes
tessellations/other/toimine/toimine6618/211/101-150/toimine6618-211-129.tes
tessellations/other/toimine/toimine2311/3+3/toimine2311-3+3-70.tes
tessellations/other/toimine/toimine6610/121/toimine6610-121-16.tes
tessellations/polyschwartz/245/45 + 410/12/45 + 410 + 410 s02.tes
tessellations/multitile/polyforms/schwarz/245/1-1 + 4-8 s3.tes
tessellations/other/toimine/toimine2311/3+3/toimine2311-3+3-76.tes
tessellations/other/toimine/toimine6620/112/toimine6620-112-47.tes
tessellations/other/toimine/toimine2311/2+4/toimine2311-2+4-14.tes
tessellations/multitile/3-7/1+1+3/3-7-1f+1f+3f-20.tes
tessellations/other/toimine/toimine6618/211/051-100/toimine6618-211-065.tes
tessellations/other/toimine/toimine6610/112/toimine6610-112-06.tes
tessellations/other/toimine/toimine885/121/toimine885-121-34.tes
tessellations/other/toimine/toimine6615/211/toimine6615-211-04.tes
tessellations/other/toimine/toimine6618/121/051-100/toimine6618-121-086.tes
tessellations/multitile/3-8/1+2+3/1f+2f+3f/101-200/3-8-1f+2f+3f-169.tes
tessellations/other/toimine/toimine885/211/toimine885-211-37.tes
tessellations/other/toimine/toimine2311/3+3/toimine2311-3+3-55.tes
tessellations/other/toimine/toimine2311/4+2/toimine2311-4+2-60.tes
tessellations/multitile/4-6/2+2/2f+2f/401-500/4-6-2f+2f-447.tes
tessellations/other/toimine/toimine6612/211/051-100/toimine6612-211-059.tes
tessellations/other/toimine/toimine2311/2+4/toimine2311-2+4-61.tes
tessellations/other/toimine/toimine6620/111/toimine6620-111-07.tes
tessellations/other/toimine/toimine6618/121/051-100/toimine6618-121-056.tes
tessellations/other/toimine/toimine2311/3+3/toimine2311-3+3-48.tes
tessellations/other/toimine/toimine6612/211/101-150/toimine6612-211-125.tes
tessellations/other/toimine/toimine2311/3+3/toimine2311-3+3-47.tes
tessellations/polyschwartz/245/1-1 + 4-8 s3.tes
tessellations/other/toimine/toimine2311/2+4/toimine2311-2+4-13.tes
tessellations/other/toimine/toimine885/121/toimine885-121-25.tes
tessellations/other/toimine/toimine2311/3+3/toimine2311-3+3-59.tes
tessellations/other/toimine/toimine6615/211/toimine6615-211-44.tes
tessellations/other/toimine/toimine6612/111/toimine6612-111-26.tes
tessellations/other/toimine/toimine2311/2+4/toimine2311-2+4-26.tes
tessellations/multitile/3-8/1+2+3/1f+2f+3f/501-596/3-8-1f+2f+3f-596.tes
tessellations/other/toimine/toimine2311/3+3/toimine2311-3+3-49.tes
tessellations/other/toimine/toimine2311/4+2/toimine2311-4+2-42.tes
tessellations/other/toimine/toimine6618/211/151-159/toimine6618-211-156.tes
tessellations/other/toimine/toimine6618/121/051-100/toimine6618-121-096.tes
tessellations/other/toimine/toimine6618/121/101-126/toimine6618-121-125.tes
tessellations/other/toimine/toimine2311/3+3/toimine2311-3+3-11.tes
tessellations/other/toimine/toimine2311/3+3/toimine2311-3+3-46.tes
tessellations/other/toimine/toimine2311/2+4/toimine2311-2+4-34.tes
tessellations/other/toimine/toimine2311/2+4/toimine2311-2+4-54.tes
tessellations/other/toimine/toimine2311/2+4/toimine2311-2+4-56.tes
tessellations/other/toimine/toimine6618/211/101-150/toimine6618-211-128.tes
tessellations/multitile/3-8/1+2+3/1f+2f+3f/001-100/3-8-1f+2f+3f-091.tes
tessellations/other/toimine/toimine668/211/toimine668-211-17.tes
tessellations/other/toimine/toimine6612/112/151-200/toimine6612-112-153.tes
tessellations/other/toimine/toimine6612/112/201-250/toimine6612-112-215.tes
tessellations/other/toimine/toimine668/112/toimine668-112-28.tes
tessellations/other/toimine/toimine668/112/toimine668-112-01.tes
tessellations/other/toimine/toimine6620/121/toimine6620-121-37.tes
tessellations/other/toimine/toimine2311/2+4/toimine2311-2+4-63.tes
tessellations/other/toimine/toimine6610/211/toimine6610-211-19.tes
tessellations/other/toimine/toimine2311/2+4/toimine2311-2+4-29.tes
tessellations/other/toimine/toimine2311/2+4/toimine2311-2+4-43.tes
tessellations/other/toimine/toimine6618/121/101-126/toimine6618-121-126.tes
tessellations/other/toimine/toimine668/211/toimine668-211-19.tes
tessellations/other/toimine/toimine6612/112/101-150/toimine6612-112-140.tes
tessellations/other/toimine/toimine2311/2+4/toimine2311-2+4-30.tes
tessellations/other/toimine/toimine2311/2+4/toimine2311-2+4-32.tes
tessellations/multitile/3-11/1+1+1/3-11-1a+1a+1f-2.tes
tessellations/polyschwartz/245/1-1 + 4-8 s1.tes
tessellations/other/toimine/toimine6618/211/101-150/toimine6618-211-110.tes
tessellations/other/toimine/toimine6612/112/151-200/toimine6612-112-176.tes
tessellations/other/toimine/toimine6618/211/101-150/toimine6618-211-149.tes
tessellations/other/toimine/toimine2311/2+4/toimine2311-2+4-50.tes
tessellations/other/toimine/toimine2311/2+4/toimine2311-2+4-62.tes
tessellations/other/toimine/toimine886/211/toimine886-211-011.tes
tessellations/other/toimine/toimine6615/111/toimine6615-111-28.tes
tessellations/other/toimine/toimine2311/2+4/toimine2311-2+4-44.tes
tessellations/other/toimine/toimine2311/2+4/toimine2311-2+4-10.tes
tessellations/other/toimine/toimine2311/2+4/toimine2311-2+4-38.tes
tessellations/other/toimine/toimine2311/2+4/toimine2311-2+4-46.tes
tessellations/other/toimine/toimine6618/211/101-150/toimine6618-211-125.tes
tessellations/other/toimine/toimine6620/211/toimine6620-211-18.tes
tessellations/other/toimine/toimine668/211/toimine668-211-21.tes
tessellations/other/toimine/toimine6610/121/toimine6610-121-04.tes
tessellations/other/toimine/toimine6611/112/toimine6611-112-02.tes
tessellations/multitile/3-8/1+2+3/1f+2f+3f/501-596/3-8-1f+2f+3f-565.tes
